topleft 0.7,0

manual Conn/nand0io [49,3] CW
manual Conn/aoi1io  [49,15] CW
manual Conn/nor1io  [49,40] CW
manual Conn/nand1io [49,51] CW
manual Conn/nand2io [49,60] CW
manual Conn/nand3io [70,4] FLIP
manual Conn/rascm   [67,27] CW
manual Conn/rasst   [69,55] CW
manual Conn/rasmd   [84,15] CW
manual Conn/rasmq   [109,15] CW

manual Conn/power   [1,50] NORM
manual Cap/power    [3,51.5] U

col width 3.9 {
   0.9 x  0.4  at  15.30, 1.00     Conn/tffaio
   3.9 x  1.8  at   9.10, 1.60     0.DFF/tffaff
   0.9 x  0.4  at  15.30, 2.00     Conn/tffbio
   3.9 x  1.8  at   5.20, 1.60     0.DFF/tffbff
   0.7 x  0.4  at  14.00, 1.00     Conn/tffcio
   3.0 x  0.7  at  15.30, 4.30     0.DFF/tffcff
    vpad 0.1
   0.7 x  0.4  at  14.00, 1.40     Conn/tffdio
   3.0 x  0.7  at  12.30, 4.30     0.DFF/tffdff
}

col width 2.1 {
   1.3 x  0.9  at  16.30, 2.80     0.nand0x[0:0]2
   1.3 x  2.7  at  15.00, 1.60     0.aoi1x[0:0]5
   1.3 x  1.2  at   7.00, 4.30     0.nor1x[0:0]2
   1.3 x  0.9  at  16.30, 2.80     0.nand1x[0:0]2
   1.3 x  0.9  at  16.30, 2.80     0.nand2x[0:0]2
}

col width 1.4 {
   1.3 x  0.9  at  16.30, 2.80     0.nand3x[0:0]2

   1.0 x  0.6  at  13.00, 2.20     mword.RasPi/raspi
   1.0 x  0.6  at  15.30, 1.00     mread.RasPi/raspi
   1.0 x  0.6  at   3.20, 2.20     mwrite.RasPi/raspi
   1.0 x  0.6  at  10.30, 4.90     halt.RasPi/raspi

    vpad 0.1

   0.7 x  0.6  at   5.20, 1.00     clock.RasPi/raspi
   0.7 x  0.6  at   2.50, 1.00     reset.RasPi/raspi
   0.7 x  0.6  at   8.30, 4.30     intrq.RasPi/raspi
}

col width 2.6 {
    tab {
        row {
            col width 2.6 {
               2.0 x  0.6  at   3.20, 1.00     0.m.RasPi/raspi
               2.0 x  0.6  at   8.30, 4.90     1.m.RasPi/raspi
               2.0 x  0.6  at  13.00, 2.80     2.m.RasPi/raspi
               2.0 x  0.6  at   5.20, 3.40     3.m.RasPi/raspi
            }
        }
        row {
            col width 0.6 {
            }
            col width 0.7 {
               0.7 x  0.6  at  12.60, 1.00     dena0.RasPi/raspi
               0.7 x  0.6  at  11.90, 1.00     dena1.RasPi/raspi
            }
            col width 0.6 {
            }
            col width 0.7 {
               0.7 x  0.6  at  16.30, 2.20     qena0.RasPi/raspi
               0.7 x  0.6  at   1.80, 1.00     qena1.RasPi/raspi
            }
        }
        row {
            col width 1.0 {
                vpad 2.0
            }
        }
    }
}
